2020/03/20 17:56:59 lesson.go:21: Exit
2020/03/20 17:58:00 /Users/hitoshi/go/src/awesomeProject/lesson.go:21: Exit
